// Jest Snapshot v1, https://goo.gl/fbAQLP

exports[`App should take a snapshot 1`] = `
.c0 {
  display: -webkit-box;
  display: -webkit-flex;
  display: -ms-flexbox;
  display: flex;
  -webkit-flex-direction: column;
  -ms-flex-direction: column;
  flex-direction: column;
  -webkit-box-pack: center;
  -webkit-justify-content: center;
  -ms-flex-pack: center;
  justify-content: center;
  -webkit-align-items: center;
  -webkit-box-align: center;
  -ms-flex-align: center;
  align-items: center;
  background-color: #f2f2f2;
  height: 100vh;
  color: #3a454f;
}

.c1 {
  font-size: 2rem;
}

<div>
  <div
    class="c0"
  >
    <img
      alt="A Fresh React Boilerplate"
      src="test-file-stub"
    />
    <p
      class="c1"
    >
      Thanks for downloading!
    </p>
  </div>
</div>
`;
